/*
 * Copyright (C) YuqiaoZhang(HanetakaChou)
 * 
 * This program is free software: you can redistribute it and/or modify
 * it under the terms of the GNU Lesser General Public License as published
 * by the Free Software Foundation, either version 3 of the License, or
 * (at your option) any later version.
 * 
 * This program is distributed in the hope that it will be useful,
 * but WITHOUT ANY WARRANTY; without even the implied warranty of
 * MERCHANTABILITY or FITNESS FOR A PARTICULAR PURPOSE.  See the
 * GNU Lesser General Public License for more details.
 * 
 * You should have received a copy of the GNU Lesser General Public License
 * along with this program.  If not, see <https://www.gnu.org/licenses/>.
 */

{
    global:
         exr_add_channel;
         exr_add_part;
         exr_attr_declare;
         exr_attr_declare_by_type;
         exr_attr_get_box2f;
         exr_attr_get_box2i;
         exr_attr_get_channels;
         exr_attr_get_chromaticities;
         exr_attr_get_compression;
         exr_attr_get_double;
         exr_attr_get_envmap;
         exr_attr_get_float;
         exr_attr_get_float_vector;
         exr_attr_get_int;
         exr_attr_get_keycode;
         exr_attr_get_lineorder;
         exr_attr_get_m33d;
         exr_attr_get_m33f;
         exr_attr_get_m44d;
         exr_attr_get_m44f;
         exr_attr_get_preview;
         exr_attr_get_rational;
         exr_attr_get_string;
         exr_attr_get_string_vector;
         exr_attr_get_tiledesc;
         exr_attr_get_timecode;
         exr_attr_get_user;
         exr_attr_get_v2d;
         exr_attr_get_v2f;
         exr_attr_get_v2i;
         exr_attr_get_v3d;
         exr_attr_get_v3f;
         exr_attr_get_v3i;
         exr_attr_set_box2f;
         exr_attr_set_box2i;
         exr_attr_set_channels;
         exr_attr_set_chromaticities;
         exr_attr_set_compression;
         exr_attr_set_double;
         exr_attr_set_envmap;
         exr_attr_set_float;
         exr_attr_set_float_vector;
         exr_attr_set_int;
         exr_attr_set_keycode;
         exr_attr_set_lineorder;
         exr_attr_set_m33d;
         exr_attr_set_m33f;
         exr_attr_set_m44d;
         exr_attr_set_m44f;
         exr_attr_set_preview;
         exr_attr_set_rational;
         exr_attr_set_string;
         exr_attr_set_string_vector;
         exr_attr_set_tiledesc;
         exr_attr_set_timecode;
         exr_attr_set_user;
         exr_attr_set_v2d;
         exr_attr_set_v2f;
         exr_attr_set_v2i;
         exr_attr_set_v3d;
         exr_attr_set_v3f;
         exr_attr_set_v3i;
         exr_chunk_default_initialize;
         exr_compress_buffer;
         exr_compress_chunk;
         exr_compress_max_buffer_size;
         exr_compression_lines_per_chunk;
         exr_copy_unset_attributes;
         exr_decoding_choose_default_routines;
         exr_decoding_destroy;
         exr_decoding_initialize;
         exr_decoding_run;
         exr_decoding_update;
         exr_encoding_choose_default_routines;
         exr_encoding_destroy;
         exr_encoding_initialize;
         exr_encoding_run;
         exr_encoding_update;
         exr_finish;
         exr_get_attribute_by_index;
         exr_get_attribute_by_name;
         exr_get_attribute_count;
         exr_get_attribute_list;
         exr_get_channels;
         exr_get_chunk_count;
         exr_get_chunk_table;
         exr_get_chunk_table_offset;
         exr_get_chunk_unpacked_size;
         exr_get_compression;
         exr_get_count;
         exr_get_data_window;
         exr_get_default_dwa_compression_quality;
         exr_get_default_error_message;
         exr_get_default_maximum_image_size;
         exr_get_default_maximum_tile_size;
         exr_get_default_zip_compression_level;
         exr_get_display_window;
         exr_get_dwa_compression_level;
         exr_get_error_code_as_string;
         exr_get_file_name;
         exr_get_file_version_and_flags;
         exr_get_level_sizes;
         exr_get_library_version;
         exr_get_lineorder;
         exr_get_name;
         exr_get_pixel_aspect_ratio;
         exr_get_scanlines_per_chunk;
         exr_get_screen_window_center;
         exr_get_screen_window_width;
         exr_get_storage;
         exr_get_tile_counts;
         exr_get_tile_descriptor;
         exr_get_tile_levels;
         exr_get_tile_sizes;
         exr_get_user_data;
         exr_get_version;
         exr_get_zip_compression_level;
         exr_initialize_required_attr;
         exr_initialize_required_attr_simple;
         exr_print_context_info;
         exr_read_chunk;
         exr_read_deep_chunk;
         exr_read_scanline_chunk_info;
         exr_read_tile_chunk_info;
         exr_register_attr_type_handler;
         exr_rle_compress_buffer;
         exr_rle_uncompress_buffer;
         exr_set_channels;
         exr_set_chunk_count;
         exr_set_compression;
         exr_set_data_window;
         exr_set_default_dwa_compression_quality;
         exr_set_default_maximum_image_size;
         exr_set_default_maximum_tile_size;
         exr_set_default_memory_routines;
         exr_set_default_zip_compression_level;
         exr_set_display_window;
         exr_set_dwa_compression_level;
         exr_set_lineorder;
         exr_set_longname_support;
         exr_set_name;
         exr_set_pixel_aspect_ratio;
         exr_set_screen_window_center;
         exr_set_screen_window_width;
         exr_set_tile_descriptor;
         exr_set_version;
         exr_set_zip_compression_level;
         exr_start_inplace_header_update;
         exr_start_read;
         exr_start_temporary_context;
         exr_start_write;
         exr_test_file_header;
         exr_uncompress_buffer;
         exr_uncompress_chunk;
         exr_validate_chunk_table;
         exr_write_deep_scanline_chunk;
         exr_write_deep_tile_chunk;
         exr_write_header;
         exr_write_scanline_chunk;
         exr_write_scanline_chunk_info;
         exr_write_tile_chunk;
         exr_write_tile_chunk_info;
    local:
        *;
};
